// Jest Snapshot v1, https://goo.gl/fbAQLP

exports[`ExpenseList Component should render ExpenseList with expenses 1`] = `
<div>
  <h1>
    Expense List
  </h1>
  <Connect(ExpenseSummary) />
  <ExpenseListItem
    amount={53500}
    createdAt={-345600000}
    description="November rent payment"
    id="1"
    key="1"
  />
  <ExpenseListItem
    amount={34589}
    createdAt={0}
    description="November gas payment"
    id="2"
    key="2"
  />
  <ExpenseListItem
    amount={9390}
    createdAt={1468800000}
    description="Oct phone bill payment"
    id="3"
    key="3"
  />
</div>
`;

exports[`ExpenseList Component should render empty message when there are no expenses 1`] = `
<div>
  <h1>
    Expense List
  </h1>
  <Connect(ExpenseSummary) />
  <p>
    There are currently 
    0
     expenses to track.
  </p>
</div>
`;
